Archive member included to satisfy reference by file (symbol)

c:/program files (x86)/atmel/studio/7.0/toolchain/avr8/avr8-gnu-toolchain/bin/../lib/gcc/avr/5.4.0/avrxmega4\libgcc.a(_udivmodsi4.o)
                              application.o (__udivmodsi4)
c:/program files (x86)/atmel/studio/7.0/toolchain/avr8/avr8-gnu-toolchain/bin/../lib/gcc/avr/5.4.0/avrxmega4\libgcc.a(_exit.o)
                              C:/Program Files (x86)/Atmel/Studio/7.0/Packs/Atmel/AVR-Dx_DFP/1.0.21/gcc/dev/avr128da48/avrxmega4/crtavr128da48.o (exit)
c:/program files (x86)/atmel/studio/7.0/toolchain/avr8/avr8-gnu-toolchain/bin/../lib/gcc/avr/5.4.0/avrxmega4\libgcc.a(_copy_data.o)
                              application.o (__do_copy_data)
c:/program files (x86)/atmel/studio/7.0/toolchain/avr8/avr8-gnu-toolchain/bin/../lib/gcc/avr/5.4.0/avrxmega4\libgcc.a(_clear_bss.o)
                              application.o (__do_clear_bss)
c:/program files (x86)/atmel/studio/7.0/toolchain/avr8/avr8-gnu-toolchain/bin/../lib/gcc/avr/5.4.0/avrxmega4\libgcc.a(_muluhisi3.o)
                              application.o (__muluhisi3)
c:/program files (x86)/atmel/studio/7.0/toolchain/avr8/avr8-gnu-toolchain/bin/../lib/gcc/avr/5.4.0/avrxmega4\libgcc.a(_umulhisi3.o)
                              c:/program files (x86)/atmel/studio/7.0/toolchain/avr8/avr8-gnu-toolchain/bin/../lib/gcc/avr/5.4.0/avrxmega4\libgcc.a(_muluhisi3.o) (__umulhisi3)
c:/program files (x86)/atmel/studio/7.0/toolchain/avr8/avr8-gnu-toolchain/bin/../lib/gcc/avr/5.4.0/../../../../avr/lib/avrxmega4\libc.a(strncmp.o)
                              examples/src/usart_basic_example.o (strncmp)
c:/program files (x86)/atmel/studio/7.0/toolchain/avr8/avr8-gnu-toolchain/bin/../lib/gcc/avr/5.4.0/../../../../avr/lib/avrxmega4\libc.a(iob.o)
                              src/usart_basic.o (__iob)
c:/program files (x86)/atmel/studio/7.0/toolchain/avr8/avr8-gnu-toolchain/bin/../lib/gcc/avr/5.4.0/../../../../avr/lib/avrxmega4\libc.a(printf.o)
                              examples/src/usart_basic_example.o (printf)
c:/program files (x86)/atmel/studio/7.0/toolchain/avr8/avr8-gnu-toolchain/bin/../lib/gcc/avr/5.4.0/../../../../avr/lib/avrxmega4\libc.a(sprintf.o)
                              application.o (sprintf)
c:/program files (x86)/atmel/studio/7.0/toolchain/avr8/avr8-gnu-toolchain/bin/../lib/gcc/avr/5.4.0/../../../../avr/lib/avrxmega4\libc.a(vfprintf_std.o)
                              c:/program files (x86)/atmel/studio/7.0/toolchain/avr8/avr8-gnu-toolchain/bin/../lib/gcc/avr/5.4.0/../../../../avr/lib/avrxmega4\libc.a(printf.o) (vfprintf)
c:/program files (x86)/atmel/studio/7.0/toolchain/avr8/avr8-gnu-toolchain/bin/../lib/gcc/avr/5.4.0/../../../../avr/lib/avrxmega4\libc.a(strnlen_P.o)
                              c:/program files (x86)/atmel/studio/7.0/toolchain/avr8/avr8-gnu-toolchain/bin/../lib/gcc/avr/5.4.0/../../../../avr/lib/avrxmega4\libc.a(vfprintf_std.o) (strnlen_P)
c:/program files (x86)/atmel/studio/7.0/toolchain/avr8/avr8-gnu-toolchain/bin/../lib/gcc/avr/5.4.0/../../../../avr/lib/avrxmega4\libc.a(strnlen.o)
                              c:/program files (x86)/atmel/studio/7.0/toolchain/avr8/avr8-gnu-toolchain/bin/../lib/gcc/avr/5.4.0/../../../../avr/lib/avrxmega4\libc.a(vfprintf_std.o) (strnlen)
c:/program files (x86)/atmel/studio/7.0/toolchain/avr8/avr8-gnu-toolchain/bin/../lib/gcc/avr/5.4.0/../../../../avr/lib/avrxmega4\libc.a(fputc.o)
                              c:/program files (x86)/atmel/studio/7.0/toolchain/avr8/avr8-gnu-toolchain/bin/../lib/gcc/avr/5.4.0/../../../../avr/lib/avrxmega4\libc.a(vfprintf_std.o) (fputc)
c:/program files (x86)/atmel/studio/7.0/toolchain/avr8/avr8-gnu-toolchain/bin/../lib/gcc/avr/5.4.0/../../../../avr/lib/avrxmega4\libc.a(ultoa_invert.o)
                              c:/program files (x86)/atmel/studio/7.0/toolchain/avr8/avr8-gnu-toolchain/bin/../lib/gcc/avr/5.4.0/../../../../avr/lib/avrxmega4\libc.a(vfprintf_std.o) (__ultoa_invert)

Allocating common symbols
Common symbol       size              file

buffer              0x3c              application.o
rtcFlag             0x1               application.o
__iob               0x6               c:/program files (x86)/atmel/studio/7.0/toolchain/avr8/avr8-gnu-toolchain/bin/../lib/gcc/avr/5.4.0/../../../../avr/lib/avrxmega4\libc.a(iob.o)

Discarded input sections

 .data          0x00000000        0x0 C:/Program Files (x86)/Atmel/Studio/7.0/Packs/Atmel/AVR-Dx_DFP/1.0.21/gcc/dev/avr128da48/avrxmega4/crtavr128da48.o
 .bss           0x00000000        0x0 C:/Program Files (x86)/Atmel/Studio/7.0/Packs/Atmel/AVR-Dx_DFP/1.0.21/gcc/dev/avr128da48/avrxmega4/crtavr128da48.o
 .text          0x00000000        0x0 application.o
 .data          0x00000000        0x0 application.o
 .bss           0x00000000        0x0 application.o
 .text          0x00000000        0x0 application_isr.o
 .data          0x00000000        0x0 application_isr.o
 .bss           0x00000000        0x0 application_isr.o
 .text          0x00000000        0x0 atmel_start.o
 .data          0x00000000        0x0 atmel_start.o
 .bss           0x00000000        0x0 atmel_start.o
 .text          0x00000000        0x0 driver_isr.o
 .data          0x00000000        0x0 driver_isr.o
 .bss           0x00000000        0x0 driver_isr.o
 .debug_info    0x00000000       0x5d driver_isr.o
 .debug_abbrev  0x00000000       0x26 driver_isr.o
 .debug_aranges
                0x00000000       0x18 driver_isr.o
 .debug_line    0x00000000       0x1a driver_isr.o
 .debug_str     0x00000000      0x1a5 driver_isr.o
 .comment       0x00000000       0x31 driver_isr.o
 .text          0x00000000        0x0 examples/src/usart_basic_example.o
 .data          0x00000000        0x0 examples/src/usart_basic_example.o
 .bss           0x00000000        0x0 examples/src/usart_basic_example.o
 .rodata.str1.1
                0x00000000        0x9 examples/src/usart_basic_example.o
 .text.USART_0_test_usart_basic
                0x00000000       0x6e examples/src/usart_basic_example.o
 .bss.rx        0x00000000       0x10 examples/src/usart_basic_example.o
 .debug_info    0x00000000      0x13f examples/src/usart_basic_example.o
 .debug_abbrev  0x00000000       0xcd examples/src/usart_basic_example.o
 .debug_loc     0x00000000       0xbe examples/src/usart_basic_example.o
 .debug_aranges
                0x00000000       0x20 examples/src/usart_basic_example.o
 .debug_ranges  0x00000000       0x10 examples/src/usart_basic_example.o
 .debug_line    0x00000000      0x12c examples/src/usart_basic_example.o
 .debug_str     0x00000000      0x1fb examples/src/usart_basic_example.o
 .comment       0x00000000       0x31 examples/src/usart_basic_example.o
 .debug_frame   0x00000000       0x4c examples/src/usart_basic_example.o
 .text          0x00000000        0x0 main.o
 .data          0x00000000        0x0 main.o
 .bss           0x00000000        0x0 main.o
 .text          0x00000000        0x0 src/bod.o
 .data          0x00000000        0x0 src/bod.o
 .bss           0x00000000        0x0 src/bod.o
 .text          0x00000000        0x0 src/clkctrl.o
 .data          0x00000000        0x0 src/clkctrl.o
 .bss           0x00000000        0x0 src/clkctrl.o
 .text          0x00000000        0x0 src/cpuint.o
 .data          0x00000000        0x0 src/cpuint.o
 .bss           0x00000000        0x0 src/cpuint.o
 .text          0x00000000        0x0 src/driver_init.o
 .data          0x00000000        0x0 src/driver_init.o
 .bss           0x00000000        0x0 src/driver_init.o
 .text.EVENT_SYSTEM_0_initialization
                0x00000000        0x6 src/driver_init.o
 .text          0x00000000        0x0 src/evsys.o
 .data          0x00000000        0x0 src/evsys.o
 .bss           0x00000000        0x0 src/evsys.o
 .text          0x00000000        0x0 src/protected_io.o
 .data          0x00000000        0x0 src/protected_io.o
 .bss           0x00000000        0x0 src/protected_io.o
 .text          0x00000000        0x0 src/rtc.o
 .data          0x00000000        0x0 src/rtc.o
 .bss           0x00000000        0x0 src/rtc.o
 .text          0x00000000        0x0 src/slpctrl.o
 .data          0x00000000        0x0 src/slpctrl.o
 .bss           0x00000000        0x0 src/slpctrl.o
 .text.SLPCTRL_set_sleep_mode
                0x00000000       0x10 src/slpctrl.o
 .text          0x00000000        0x0 src/tcb.o
 .data          0x00000000        0x0 src/tcb.o
 .bss           0x00000000        0x0 src/tcb.o
 .text          0x00000000        0x0 src/usart_basic.o
 .data          0x00000000        0x0 src/usart_basic.o
 .bss           0x00000000        0x0 src/usart_basic.o
 .text.USART_0_set_ISR_cb
                0x00000000       0x1e src/usart_basic.o
 .text.USART_0_is_tx_ready
                0x00000000        0xe src/usart_basic.o
 .text.USART_0_is_rx_ready
                0x00000000        0xe src/usart_basic.o
 .text.USART_0_is_tx_busy
                0x00000000       0x10 src/usart_basic.o
 .text.USART_0_read
                0x00000000       0x32 src/usart_basic.o
 .text.USART_0_enable
                0x00000000        0xc src/usart_basic.o
 .text.USART_0_enable_rx
                0x00000000        0xc src/usart_basic.o
 .text.USART_0_enable_tx
                0x00000000        0xc src/usart_basic.o
 .text.USART_0_disable
                0x00000000        0xc src/usart_basic.o
 .text.USART_0_get_data
                0x00000000        0x6 src/usart_basic.o
 .text          0x00000000        0x0 c:/program files (x86)/atmel/studio/7.0/toolchain/avr8/avr8-gnu-toolchain/bin/../lib/gcc/avr/5.4.0/avrxmega4\libgcc.a(_udivmodsi4.o)
 .data          0x00000000        0x0 c:/program files (x86)/atmel/studio/7.0/toolchain/avr8/avr8-gnu-toolchain/bin/../lib/gcc/avr/5.4.0/avrxmega4\libgcc.a(_udivmodsi4.o)
 .bss           0x00000000        0x0 c:/program files (x86)/atmel/studio/7.0/toolchain/avr8/avr8-gnu-toolchain/bin/../lib/gcc/avr/5.4.0/avrxmega4\libgcc.a(_udivmodsi4.o)
 .text.libgcc.mul
                0x00000000        0x0 c:/program files (x86)/atmel/studio/7.0/toolchain/avr8/avr8-gnu-toolchain/bin/../lib/gcc/avr/5.4.0/avrxmega4\libgcc.a(_udivmodsi4.o)
 .text.libgcc   0x00000000        0x0 c:/program files (x86)/atmel/studio/7.0/toolchain/avr8/avr8-gnu-toolchain/bin/../lib/gcc/avr/5.4.0/avrxmega4\libgcc.a(_udivmodsi4.o)
 .text.libgcc.prologue
                0x00000000        0x0 c:/program files (x86)/atmel/studio/7.0/toolchain/avr8/avr8-gnu-toolchain/bin/../lib/gcc/avr/5.4.0/avrxmega4\libgcc.a(_udivmodsi4.o)
 .text.libgcc.builtins
                0x00000000        0x0 c:/program files (x86)/atmel/studio/7.0/toolchain/avr8/avr8-gnu-toolchain/bin/../lib/gcc/avr/5.4.0/avrxmega4\libgcc.a(_udivmodsi4.o)
 .text.libgcc.fmul
                0x00000000        0x0 c:/program files (x86)/atmel/studio/7.0/toolchain/avr8/avr8-gnu-toolchain/bin/../lib/gcc/avr/5.4.0/avrxmega4\libgcc.a(_udivmodsi4.o)
 .text.libgcc.fixed
                0x00000000        0x0 c:/program files (x86)/atmel/studio/7.0/toolchain/avr8/avr8-gnu-toolchain/bin/../lib/gcc/avr/5.4.0/avrxmega4\libgcc.a(_udivmodsi4.o)
 .text          0x00000000        0x0 c:/program files (x86)/atmel/studio/7.0/toolchain/avr8/avr8-gnu-toolchain/bin/../lib/gcc/avr/5.4.0/avrxmega4\libgcc.a(_exit.o)
 .data          0x00000000        0x0 c:/program files (x86)/atmel/studio/7.0/toolchain/avr8/avr8-gnu-toolchain/bin/../lib/gcc/avr/5.4.0/avrxmega4\libgcc.a(_exit.o)
 .bss           0x00000000        0x0 c:/program files (x86)/atmel/studio/7.0/toolchain/avr8/avr8-gnu-toolchain/bin/../lib/gcc/avr/5.4.0/avrxmega4\libgcc.a(_exit.o)
 .text.libgcc.mul
                0x00000000        0x0 c:/program files (x86)/atmel/studio/7.0/toolchain/avr8/avr8-gnu-toolchain/bin/../lib/gcc/avr/5.4.0/avrxmega4\libgcc.a(_exit.o)
 .text.libgcc.div
                0x00000000        0x0 c:/program files (x86)/atmel/studio/7.0/toolchain/avr8/avr8-gnu-toolchain/bin/../lib/gcc/avr/5.4.0/avrxmega4\libgcc.a(_exit.o)
 .text.libgcc   0x00000000        0x0 c:/program files (x86)/atmel/studio/7.0/toolchain/avr8/avr8-gnu-toolchain/bin/../lib/gcc/avr/5.4.0/avrxmega4\libgcc.a(_exit.o)
 .text.libgcc.prologue
                0x00000000        0x0 c:/program files (x86)/atmel/studio/7.0/toolchain/avr8/avr8-gnu-toolchain/bin/../lib/gcc/avr/5.4.0/avrxmega4\libgcc.a(_exit.o)
 .text.libgcc.builtins
                0x00000000        0x0 c:/program files (x86)/atmel/studio/7.0/toolchain/avr8/avr8-gnu-toolchain/bin/../lib/gcc/avr/5.4.0/avrxmega4\libgcc.a(_exit.o)
 .text.libgcc.fmul
                0x00000000        0x0 c:/program files (x86)/atmel/studio/7.0/toolchain/avr8/avr8-gnu-toolchain/bin/../lib/gcc/avr/5.4.0/avrxmega4\libgcc.a(_exit.o)
 .text.libgcc.fixed
                0x00000000        0x0 c:/program files (x86)/atmel/studio/7.0/toolchain/avr8/avr8-gnu-toolchain/bin/../lib/gcc/avr/5.4.0/avrxmega4\libgcc.a(_exit.o)
 .text          0x00000000        0x0 c:/program files (x86)/atmel/studio/7.0/toolchain/avr8/avr8-gnu-toolchain/bin/../lib/gcc/avr/5.4.0/avrxmega4\libgcc.a(_copy_data.o)
 .data          0x00000000        0x0 c:/program files (x86)/atmel/studio/7.0/toolchain/avr8/avr8-gnu-toolchain/bin/../lib/gcc/avr/5.4.0/avrxmega4\libgcc.a(_copy_data.o)
 .bss           0x00000000        0x0 c:/program files (x86)/atmel/studio/7.0/toolchain/avr8/avr8-gnu-toolchain/bin/../lib/gcc/avr/5.4.0/avrxmega4\libgcc.a(_copy_data.o)
 .text.libgcc.mul
                0x00000000        0x0 c:/program files (x86)/atmel/studio/7.0/toolchain/avr8/avr8-gnu-toolchain/bin/../lib/gcc/avr/5.4.0/avrxmega4\libgcc.a(_copy_data.o)
 .text.libgcc.div
                0x00000000        0x0 c:/program files (x86)/atmel/studio/7.0/toolchain/avr8/avr8-gnu-toolchain/bin/../lib/gcc/avr/5.4.0/avrxmega4\libgcc.a(_copy_data.o)
 .text.libgcc   0x00000000        0x0 c:/program files (x86)/atmel/studio/7.0/toolchain/avr8/avr8-gnu-toolchain/bin/../lib/gcc/avr/5.4.0/avrxmega4\libgcc.a(_copy_data.o)
 .text.libgcc.prologue
                0x00000000        0x0 c:/program files (x86)/atmel/studio/7.0/toolchain/avr8/avr8-gnu-toolchain/bin/../lib/gcc/avr/5.4.0/avrxmega4\libgcc.a(_copy_data.o)
 .text.libgcc.builtins
                0x00000000        0x0 c:/program files (x86)/atmel/studio/7.0/toolchain/avr8/avr8-gnu-toolchain/bin/../lib/gcc/avr/5.4.0/avrxmega4\libgcc.a(_copy_data.o)
 .text.libgcc.fmul
                0x00000000        0x0 c:/program files (x86)/atmel/studio/7.0/toolchain/avr8/avr8-gnu-toolchain/bin/../lib/gcc/avr/5.4.0/avrxmega4\libgcc.a(_copy_data.o)
 .text.libgcc.fixed
                0x00000000        0x0 c:/program files (x86)/atmel/studio/7.0/toolchain/avr8/avr8-gnu-toolchain/bin/../lib/gcc/avr/5.4.0/avrxmega4\libgcc.a(_copy_data.o)
 .text          0x00000000        0x0 c:/program files (x86)/atmel/studio/7.0/toolchain/avr8/avr8-gnu-toolchain/bin/../lib/gcc/avr/5.4.0/avrxmega4\libgcc.a(_clear_bss.o)
 .data          0x00000000        0x0 c:/program files (x86)/atmel/studio/7.0/toolchain/avr8/avr8-gnu-toolchain/bin/../lib/gcc/avr/5.4.0/avrxmega4\libgcc.a(_clear_bss.o)
 .bss           0x00000000        0x0 c:/program files (x86)/atmel/studio/7.0/toolchain/avr8/avr8-gnu-toolchain/bin/../lib/gcc/avr/5.4.0/avrxmega4\libgcc.a(_clear_bss.o)
 .text.libgcc.mul
                0x00000000        0x0 c:/program files (x86)/atmel/studio/7.0/toolchain/avr8/avr8-gnu-toolchain/bin/../lib/gcc/avr/5.4.0/avrxmega4\libgcc.a(_clear_bss.o)
 .text.libgcc.div
                0x00000000        0x0 c:/program files (x86)/atmel/studio/7.0/toolchain/avr8/avr8-gnu-toolchain/bin/../lib/gcc/avr/5.4.0/avrxmega4\libgcc.a(_clear_bss.o)
 .text.libgcc   0x00000000        0x0 c:/program files (x86)/atmel/studio/7.0/toolchain/avr8/avr8-gnu-toolchain/bin/../lib/gcc/avr/5.4.0/avrxmega4\libgcc.a(_clear_bss.o)
 .text.libgcc.prologue
                0x00000000        0x0 c:/program files (x86)/atmel/studio/7.0/toolchain/avr8/avr8-gnu-toolchain/bin/../lib/gcc/avr/5.4.0/avrxmega4\libgcc.a(_clear_bss.o)
 .text.libgcc.builtins
                0x00000000        0x0 c:/program files (x86)/atmel/studio/7.0/toolchain/avr8/avr8-gnu-toolchain/bin/../lib/gcc/avr/5.4.0/avrxmega4\libgcc.a(_clear_bss.o)
 .text.libgcc.fmul
                0x00000000        0x0 c:/program files (x86)/atmel/studio/7.0/toolchain/avr8/avr8-gnu-toolchain/bin/../lib/gcc/avr/5.4.0/avrxmega4\libgcc.a(_clear_bss.o)
 .text.libgcc.fixed
                0x00000000        0x0 c:/program files (x86)/atmel/studio/7.0/toolchain/avr8/avr8-gnu-toolchain/bin/../lib/gcc/avr/5.4.0/avrxmega4\libgcc.a(_clear_bss.o)
 .text          0x00000000        0x0 c:/program files (x86)/atmel/studio/7.0/toolchain/avr8/avr8-gnu-toolchain/bin/../lib/gcc/avr/5.4.0/avrxmega4\libgcc.a(_muluhisi3.o)
 .data          0x00000000        0x0 c:/program files (x86)/atmel/studio/7.0/toolchain/avr8/avr8-gnu-toolchain/bin/../lib/gcc/avr/5.4.0/avrxmega4\libgcc.a(_muluhisi3.o)
 .bss           0x00000000        0x0 c:/program files (x86)/atmel/studio/7.0/toolchain/avr8/avr8-gnu-toolchain/bin/../lib/gcc/avr/5.4.0/avrxmega4\libgcc.a(_muluhisi3.o)
 .text.libgcc.div
                0x00000000        0x0 c:/program files (x86)/atmel/studio/7.0/toolchain/avr8/avr8-gnu-toolchain/bin/../lib/gcc/avr/5.4.0/avrxmega4\libgcc.a(_muluhisi3.o)
 .text.libgcc   0x00000000        0x0 c:/program files (x86)/atmel/studio/7.0/toolchain/avr8/avr8-gnu-toolchain/bin/../lib/gcc/avr/5.4.0/avrxmega4\libgcc.a(_muluhisi3.o)
 .text.libgcc.prologue
                0x00000000        0x0 c:/program files (x86)/atmel/studio/7.0/toolchain/avr8/avr8-gnu-toolchain/bin/../lib/gcc/avr/5.4.0/avrxmega4\libgcc.a(_muluhisi3.o)
 .text.libgcc.builtins
                0x00000000        0x0 c:/program files (x86)/atmel/studio/7.0/toolchain/avr8/avr8-gnu-toolchain/bin/../lib/gcc/avr/5.4.0/avrxmega4\libgcc.a(_muluhisi3.o)
 .text.libgcc.fmul
                0x00000000        0x0 c:/program files (x86)/atmel/studio/7.0/toolchain/avr8/avr8-gnu-toolchain/bin/../lib/gcc/avr/5.4.0/avrxmega4\libgcc.a(_muluhisi3.o)
 .text.libgcc.fixed
                0x00000000        0x0 c:/program files (x86)/atmel/studio/7.0/toolchain/avr8/avr8-gnu-toolchain/bin/../lib/gcc/avr/5.4.0/avrxmega4\libgcc.a(_muluhisi3.o)
 .text          0x00000000        0x0 c:/program files (x86)/atmel/studio/7.0/toolchain/avr8/avr8-gnu-toolchain/bin/../lib/gcc/avr/5.4.0/avrxmega4\libgcc.a(_umulhisi3.o)
 .data          0x00000000        0x0 c:/program files (x86)/atmel/studio/7.0/toolchain/avr8/avr8-gnu-toolchain/bin/../lib/gcc/avr/5.4.0/avrxmega4\libgcc.a(_umulhisi3.o)
 .bss           0x00000000        0x0 c:/program files (x86)/atmel/studio/7.0/toolchain/avr8/avr8-gnu-toolchain/bin/../lib/gcc/avr/5.4.0/avrxmega4\libgcc.a(_umulhisi3.o)
 .text.libgcc.div
                0x00000000        0x0 c:/program files (x86)/atmel/studio/7.0/toolchain/avr8/avr8-gnu-toolchain/bin/../lib/gcc/avr/5.4.0/avrxmega4\libgcc.a(_umulhisi3.o)
 .text.libgcc   0x00000000        0x0 c:/program files (x86)/atmel/studio/7.0/toolchain/avr8/avr8-gnu-toolchain/bin/../lib/gcc/avr/5.4.0/avrxmega4\libgcc.a(_umulhisi3.o)
 .text.libgcc.prologue
                0x00000000        0x0 c:/program files (x86)/atmel/studio/7.0/toolchain/avr8/avr8-gnu-toolchain/bin/../lib/gcc/avr/5.4.0/avrxmega4\libgcc.a(_umulhisi3.o)
 .text.libgcc.builtins
                0x00000000        0x0 c:/program files (x86)/atmel/studio/7.0/toolchain/avr8/avr8-gnu-toolchain/bin/../lib/gcc/avr/5.4.0/avrxmega4\libgcc.a(_umulhisi3.o)
 .text.libgcc.fmul
                0x00000000        0x0 c:/program files (x86)/atmel/studio/7.0/toolchain/avr8/avr8-gnu-toolchain/bin/../lib/gcc/avr/5.4.0/avrxmega4\libgcc.a(_umulhisi3.o)
 .text.libgcc.fixed
                0x00000000        0x0 c:/program files (x86)/atmel/studio/7.0/toolchain/avr8/avr8-gnu-toolchain/bin/../lib/gcc/avr/5.4.0/avrxmega4\libgcc.a(_umulhisi3.o)
 .text          0x00000000        0x0 c:/program files (x86)/atmel/studio/7.0/toolchain/avr8/avr8-gnu-toolchain/bin/../lib/gcc/avr/5.4.0/../../../../avr/lib/avrxmega4\libc.a(strncmp.o)
 .data          0x00000000        0x0 c:/program files (x86)/atmel/studio/7.0/toolchain/avr8/avr8-gnu-toolchain/bin/../lib/gcc/avr/5.4.0/../../../../avr/lib/avrxmega4\libc.a(strncmp.o)
 .bss           0x00000000        0x0 c:/program files (x86)/atmel/studio/7.0/toolchain/avr8/avr8-gnu-toolchain/bin/../lib/gcc/avr/5.4.0/../../../../avr/lib/avrxmega4\libc.a(strncmp.o)
 .text.avr-libc
                0x00000000       0x1c c:/program files (x86)/atmel/studio/7.0/toolchain/avr8/avr8-gnu-toolchain/bin/../lib/gcc/avr/5.4.0/../../../../avr/lib/avrxmega4\libc.a(strncmp.o)
 .text          0x00000000        0x0 c:/program files (x86)/atmel/studio/7.0/toolchain/avr8/avr8-gnu-toolchain/bin/../lib/gcc/avr/5.4.0/../../../../avr/lib/avrxmega4\libc.a(iob.o)
 .data          0x00000000        0x0 c:/program files (x86)/atmel/studio/7.0/toolchain/avr8/avr8-gnu-toolchain/bin/../lib/gcc/avr/5.4.0/../../../../avr/lib/avrxmega4\libc.a(iob.o)
 .bss           0x00000000        0x0 c:/program files (x86)/atmel/studio/7.0/toolchain/avr8/avr8-gnu-toolchain/bin/../lib/gcc/avr/5.4.0/../../../../avr/lib/avrxmega4\libc.a(iob.o)
 .text          0x00000000        0x0 c:/program files (x86)/atmel/studio/7.0/toolchain/avr8/avr8-gnu-toolchain/bin/../lib/gcc/avr/5.4.0/../../../../avr/lib/avrxmega4\libc.a(printf.o)
 .data          0x00000000        0x0 c:/program files (x86)/atmel/studio/7.0/toolchain/avr8/avr8-gnu-toolchain/bin/../lib/gcc/avr/5.4.0/../../../../avr/lib/avrxmega4\libc.a(printf.o)
 .bss           0x00000000        0x0 c:/program files (x86)/atmel/studio/7.0/toolchain/avr8/avr8-gnu-toolchain/bin/../lib/gcc/avr/5.4.0/../../../../avr/lib/avrxmega4\libc.a(printf.o)
 .text.avr-libc
                0x00000000       0x28 c:/program files (x86)/atmel/studio/7.0/toolchain/avr8/avr8-gnu-toolchain/bin/../lib/gcc/avr/5.4.0/../../../../avr/lib/avrxmega4\libc.a(printf.o)
 .comment       0x00000000       0x31 c:/program files (x86)/atmel/studio/7.0/toolchain/avr8/avr8-gnu-toolchain/bin/../lib/gcc/avr/5.4.0/../../../../avr/lib/avrxmega4\libc.a(printf.o)
 .text          0x00000000        0x0 c:/program files (x86)/atmel/studio/7.0/toolchain/avr8/avr8-gnu-toolchain/bin/../lib/gcc/avr/5.4.0/../../../../avr/lib/avrxmega4\libc.a(sprintf.o)
 .data          0x00000000        0x0 c:/program files (x86)/atmel/studio/7.0/toolchain/avr8/avr8-gnu-toolchain/bin/../lib/gcc/avr/5.4.0/../../../../avr/lib/avrxmega4\libc.a(sprintf.o)
 .bss           0x00000000        0x0 c:/program files (x86)/atmel/studio/7.0/toolchain/avr8/avr8-gnu-toolchain/bin/../lib/gcc/avr/5.4.0/../../../../avr/lib/avrxmega4\libc.a(sprintf.o)
 .text          0x00000000        0x0 c:/program files (x86)/atmel/studio/7.0/toolchain/avr8/avr8-gnu-toolchain/bin/../lib/gcc/avr/5.4.0/../../../../avr/lib/avrxmega4\libc.a(vfprintf_std.o)
 .data          0x00000000        0x0 c:/program files (x86)/atmel/studio/7.0/toolchain/avr8/avr8-gnu-toolchain/bin/../lib/gcc/avr/5.4.0/../../../../avr/lib/avrxmega4\libc.a(vfprintf_std.o)
 .bss           0x00000000        0x0 c:/program files (x86)/atmel/studio/7.0/toolchain/avr8/avr8-gnu-toolchain/bin/../lib/gcc/avr/5.4.0/../../../../avr/lib/avrxmega4\libc.a(vfprintf_std.o)
 .text          0x00000000        0x0 c:/program files (x86)/atmel/studio/7.0/toolchain/avr8/avr8-gnu-toolchain/bin/../lib/gcc/avr/5.4.0/../../../../avr/lib/avrxmega4\libc.a(strnlen_P.o)
 .data          0x00000000        0x0 c:/program files (x86)/atmel/studio/7.0/toolchain/avr8/avr8-gnu-toolchain/bin/../lib/gcc/avr/5.4.0/../../../../avr/lib/avrxmega4\libc.a(strnlen_P.o)
 .bss           0x00000000        0x0 c:/program files (x86)/atmel/studio/7.0/toolchain/avr8/avr8-gnu-toolchain/bin/../lib/gcc/avr/5.4.0/../../../../avr/lib/avrxmega4\libc.a(strnlen_P.o)
 .text          0x00000000        0x0 c:/program files (x86)/atmel/studio/7.0/toolchain/avr8/avr8-gnu-toolchain/bin/../lib/gcc/avr/5.4.0/../../../../avr/lib/avrxmega4\libc.a(strnlen.o)
 .data          0x00000000        0x0 c:/program files (x86)/atmel/studio/7.0/toolchain/avr8/avr8-gnu-toolchain/bin/../lib/gcc/avr/5.4.0/../../../../avr/lib/avrxmega4\libc.a(strnlen.o)
 .bss           0x00000000        0x0 c:/program files (x86)/atmel/studio/7.0/toolchain/avr8/avr8-gnu-toolchain/bin/../lib/gcc/avr/5.4.0/../../../../avr/lib/avrxmega4\libc.a(strnlen.o)
 .text          0x00000000        0x0 c:/program files (x86)/atmel/studio/7.0/toolchain/avr8/avr8-gnu-toolchain/bin/../lib/gcc/avr/5.4.0/../../../../avr/lib/avrxmega4\libc.a(fputc.o)
 .data          0x00000000        0x0 c:/program files (x86)/atmel/studio/7.0/toolchain/avr8/avr8-gnu-toolchain/bin/../lib/gcc/avr/5.4.0/../../../../avr/lib/avrxmega4\libc.a(fputc.o)
 .bss           0x00000000        0x0 c:/program files (x86)/atmel/studio/7.0/toolchain/avr8/avr8-gnu-toolchain/bin/../lib/gcc/avr/5.4.0/../../../../avr/lib/avrxmega4\libc.a(fputc.o)
 .text          0x00000000        0x0 c:/program files (x86)/atmel/studio/7.0/toolchain/avr8/avr8-gnu-toolchain/bin/../lib/gcc/avr/5.4.0/../../../../avr/lib/avrxmega4\libc.a(ultoa_invert.o)
 .data          0x00000000        0x0 c:/program files (x86)/atmel/studio/7.0/toolchain/avr8/avr8-gnu-toolchain/bin/../lib/gcc/avr/5.4.0/../../../../avr/lib/avrxmega4\libc.a(ultoa_invert.o)
 .bss           0x00000000        0x0 c:/program files (x86)/atmel/studio/7.0/toolchain/avr8/avr8-gnu-toolchain/bin/../lib/gcc/avr/5.4.0/../../../../avr/lib/avrxmega4\libc.a(ultoa_invert.o)

Memory Configuration

Name             Origin             Length             Attributes
text             0x00000000         0x00020000         xr
data             0x00804000         0x00004000         rw !x
eeprom           0x00810000         0x00000200         rw !x
fuse             0x00820000         0x00000010         rw !x
lock             0x00830000         0x00000400         rw !x
signature        0x00840000         0x00000400         rw !x
user_signatures  0x00850000         0x00000400         rw !x
*default*        0x00000000         0xffffffff

Linker script and memory map

Address of section .data set to 0x804000
                0x00008000                __RODATA_PM_OFFSET__ = 0x8000
LOAD C:/Program Files (x86)/Atmel/Studio/7.0/Packs/Atmel/AVR-Dx_DFP/1.0.21/gcc/dev/avr128da48/avrxmega4/crtavr128da48.o
LOAD application.o
LOAD application_isr.o
LOAD atmel_start.o
LOAD driver_isr.o
LOAD examples/src/usart_basic_example.o
LOAD main.o
LOAD src/bod.o
LOAD src/clkctrl.o
LOAD src/cpuint.o
LOAD src/driver_init.o
LOAD src/evsys.o
LOAD src/protected_io.o
LOAD src/rtc.o
LOAD src/slpctrl.o
LOAD src/tcb.o
LOAD src/usart_basic.o
START GROUP
LOAD c:/program files (x86)/atmel/studio/7.0/toolchain/avr8/avr8-gnu-toolchain/bin/../lib/gcc/avr/5.4.0/../../../../avr/lib/avrxmega4\libm.a
END GROUP
START GROUP
LOAD c:/program files (x86)/atmel/studio/7.0/toolchain/avr8/avr8-gnu-toolchain/bin/../lib/gcc/avr/5.4.0/avrxmega4\libgcc.a
LOAD c:/program files (x86)/atmel/studio/7.0/toolchain/avr8/avr8-gnu-toolchain/bin/../lib/gcc/avr/5.4.0/../../../../avr/lib/avrxmega4\libm.a
LOAD c:/program files (x86)/atmel/studio/7.0/toolchain/avr8/avr8-gnu-toolchain/bin/../lib/gcc/avr/5.4.0/../../../../avr/lib/avrxmega4\libc.a
LOAD C:/Program Files (x86)/Atmel/Studio/7.0/Packs/Atmel/AVR-Dx_DFP/1.0.21/gcc/dev/avr128da48/avrxmega4\libavr128da48.a
END GROUP
                [0x00000000]                __TEXT_REGION_ORIGIN__ = DEFINED (__TEXT_REGION_ORIGIN__)?__TEXT_REGION_ORIGIN__:0x0
                [0x00804000]                __DATA_REGION_ORIGIN__ = DEFINED (__DATA_REGION_ORIGIN__)?__DATA_REGION_ORIGIN__:0x802000
                [0x00020000]                __TEXT_REGION_LENGTH__ = DEFINED (__TEXT_REGION_LENGTH__)?__TEXT_REGION_LENGTH__:0x100000
                [0x00004000]                __DATA_REGION_LENGTH__ = DEFINED (__DATA_REGION_LENGTH__)?__DATA_REGION_LENGTH__:0xffa0
                [0x00000200]                __EEPROM_REGION_LENGTH__ = DEFINED (__EEPROM_REGION_LENGTH__)?__EEPROM_REGION_LENGTH__:0x10000
                [0x00000010]                __FUSE_REGION_LENGTH__ = DEFINED (__FUSE_REGION_LENGTH__)?__FUSE_REGION_LENGTH__:0x400
                0x00000400                __LOCK_REGION_LENGTH__ = DEFINED (__LOCK_REGION_LENGTH__)?__LOCK_REGION_LENGTH__:0x400
                0x00000400                __SIGNATURE_REGION_LENGTH__ = DEFINED (__SIGNATURE_REGION_LENGTH__)?__SIGNATURE_REGION_LENGTH__:0x400
                0x00000400                __USER_SIGNATURE_REGION_LENGTH__ = DEFINED (__USER_SIGNATURE_REGION_LENGTH__)?__USER_SIGNATURE_REGION_LENGTH__:0x400

.hash
 *(.hash)

.dynsym
 *(.dynsym)

.dynstr
 *(.dynstr)

.gnu.version
 *(.gnu.version)

.gnu.version_d
 *(.gnu.version_d)

.gnu.version_r
 *(.gnu.version_r)

.rel.init
 *(.rel.init)

.rela.init
 *(.rela.init)

.rel.text
 *(.rel.text)
 *(.rel.text.*)
 *(.rel.gnu.linkonce.t*)

.rela.text
 *(.rela.text)
 *(.rela.text.*)
 *(.rela.gnu.linkonce.t*)

.rel.fini
 *(.rel.fini)

.rela.fini
 *(.rela.fini)

.rel.rodata
 *(.rel.rodata)
 *(.rel.rodata.*)
 *(.rel.gnu.linkonce.r*)

.rela.rodata
 *(.rela.rodata)
 *(.rela.rodata.*)
 *(.rela.gnu.linkonce.r*)

.rel.data
 *(.rel.data)
 *(.rel.data.*)
 *(.rel.gnu.linkonce.d*)

.rela.data
 *(.rela.data)
 *(.rela.data.*)
 *(.rela.gnu.linkonce.d*)

.rel.ctors
 *(.rel.ctors)

.rela.ctors
 *(.rela.ctors)

.rel.dtors
 *(.rel.dtors)

.rela.dtors
 *(.rela.dtors)

.rel.got
 *(.rel.got)

.rela.got
 *(.rela.got)

.rel.bss
 *(.rel.bss)

.rela.bss
 *(.rela.bss)

.rel.plt
 *(.rel.plt)

.rela.plt
 *(.rela.plt)

.text           0x00000000      0xd5e
 *(.vectors)
 .vectors       0x00000000       0xec C:/Program Files (x86)/Atmel/Studio/7.0/Packs/Atmel/AVR-Dx_DFP/1.0.21/gcc/dev/avr128da48/avrxmega4/crtavr128da48.o
                0x00000000                __vector_default
                0x00000000                __vectors
 *(.vectors)
 *(.progmem.gcc*)
                0x000000ec                . = ALIGN (0x2)
                0x000000ec                __trampolines_start = .
 *(.trampolines)
 .trampolines   0x000000ec        0x0 linker stubs
 *(.trampolines*)
                0x000000ec                __trampolines_end = .
 *libprintf_flt.a:*(.progmem.data)
 *libc.a:*(.progmem.data)
 *(.progmem*)
                0x000000ec                . = ALIGN (0x2)
 *(.jumptables)
 *(.jumptables*)
 *(.lowtext)
 *(.lowtext*)
                0x000000ec                __ctors_start = .
 *(.ctors)
                0x000000ec                __ctors_end = .
                0x000000ec                __dtors_start = .
 *(.dtors)
                0x000000ec                __dtors_end = .
 SORT(*)(.ctors)
 SORT(*)(.dtors)
 *(.init0)
 .init0         0x000000ec        0x0 C:/Program Files (x86)/Atmel/Studio/7.0/Packs/Atmel/AVR-Dx_DFP/1.0.21/gcc/dev/avr128da48/avrxmega4/crtavr128da48.o
                0x000000ec                __init
 *(.init0)
 *(.init1)
 *(.init1)
 *(.init2)
 .init2         0x000000ec        0xc C:/Program Files (x86)/Atmel/Studio/7.0/Packs/Atmel/AVR-Dx_DFP/1.0.21/gcc/dev/avr128da48/avrxmega4/crtavr128da48.o
 *(.init2)
 *(.init3)
 *(.init3)
 *(.init4)
 .init4         0x000000f8       0x1a c:/program files (x86)/atmel/studio/7.0/toolchain/avr8/avr8-gnu-toolchain/bin/../lib/gcc/avr/5.4.0/avrxmega4\libgcc.a(_copy_data.o)
                0x000000f8                __do_copy_data
 .init4         0x00000112       0x10 c:/program files (x86)/atmel/studio/7.0/toolchain/avr8/avr8-gnu-toolchain/bin/../lib/gcc/avr/5.4.0/avrxmega4\libgcc.a(_clear_bss.o)
                0x00000112                __do_clear_bss
 *(.init4)
 *(.init5)
 *(.init5)
 *(.init6)
 *(.init6)
 *(.init7)
 *(.init7)
 *(.init8)
 *(.init8)
 *(.init9)
 .init9         0x00000122        0x8 C:/Program Files (x86)/Atmel/Studio/7.0/Packs/Atmel/AVR-Dx_DFP/1.0.21/gcc/dev/avr128da48/avrxmega4/crtavr128da48.o
 *(.init9)
 *(.text)
 .text          0x0000012a        0x4 C:/Program Files (x86)/Atmel/Studio/7.0/Packs/Atmel/AVR-Dx_DFP/1.0.21/gcc/dev/avr128da48/avrxmega4/crtavr128da48.o
                0x0000012a                __vector_38
                0x0000012a                __vector_22
                0x0000012a                __vector_28
                0x0000012a                __vector_1
                0x0000012a                __vector_34
                0x0000012a                __vector_24
                0x0000012a                __vector_12
                0x0000012a                __vector_55
                0x0000012a                __vector_46
                0x0000012a                __bad_interrupt
                0x0000012a                __vector_6
                0x0000012a                __vector_35
                0x0000012a                __vector_39
                0x0000012a                __vector_3
                0x0000012a                __vector_23
                0x0000012a                __vector_45
                0x0000012a                __vector_25
                0x0000012a                __vector_11
                0x0000012a                __vector_54
                0x0000012a                __vector_13
                0x0000012a                __vector_17
                0x0000012a                __vector_19
                0x0000012a                __vector_56
                0x0000012a                __vector_7
                0x0000012a                __vector_49
                0x0000012a                __vector_41
                0x0000012a                __vector_43
                0x0000012a                __vector_27
                0x0000012a                __vector_5
                0x0000012a                __vector_33
                0x0000012a                __vector_47
                0x0000012a                __vector_52
                0x0000012a                __vector_37
                0x0000012a                __vector_44
                0x0000012a                __vector_51
                0x0000012a                __vector_9
                0x0000012a                __vector_2
                0x0000012a                __vector_21
                0x0000012a                __vector_15
                0x0000012a                __vector_36
                0x0000012a                __vector_58
                0x0000012a                __vector_29
                0x0000012a                __vector_40
                0x0000012a                __vector_8
                0x0000012a                __vector_26
                0x0000012a                __vector_48
                0x0000012a                __vector_14
                0x0000012a                __vector_57
                0x0000012a                __vector_53
                0x0000012a                __vector_10
                0x0000012a                __vector_50
                0x0000012a                __vector_16
                0x0000012a                __vector_18
                0x0000012a                __vector_20
                0x0000012a                __vector_42
                0x0000012e                . = ALIGN (0x2)
 *(.text.*)
 .text.SendString
                0x0000012e       0x2c application.o
                0x0000012e                SendString
 .text.FrequencyAndDutycycleMeasurement
                0x0000015a      0x1f6 application.o
                0x0000015a                FrequencyAndDutycycleMeasurement
 .text.__vector_4
                0x00000350       0x22 application_isr.o
                0x00000350                __vector_4
 .text.__vector_30
                0x00000372       0xb0 application_isr.o
                0x00000372                __vector_30
 .text.atmel_start_init
                0x00000422        0x6 atmel_start.o
                0x00000422                atmel_start_init
 .text.main     0x00000428        0xa main.o
                0x00000428                main
 .text.BOD_init
                0x00000432        0x8 src/bod.o
                0x00000432                BOD_init
 .text.CLKCTRL_init
                0x0000043a       0x10 src/clkctrl.o
                0x0000043a                CLKCTRL_init
 .text.CPUINT_init
                0x0000044a        0x6 src/cpuint.o
                0x0000044a                CPUINT_init
 .text.mcu_init
                0x00000450       0x80 src/driver_init.o
                0x00000450                mcu_init
 .text.USART_0_initialization
                0x000004d0       0x16 src/driver_init.o
                0x000004d0                USART_0_initialization
 .text.TIMER_0_initialization
                0x000004e6       0x14 src/driver_init.o
                0x000004e6                TIMER_0_initialization
 .text.system_init
                0x000004fa       0x32 src/driver_init.o
                0x000004fa                system_init
 .text.EVENT_SYSTEM_0_init
                0x0000052c       0x10 src/evsys.o
                0x0000052c                EVENT_SYSTEM_0_init
 .text.protected_write_io
                0x0000053c        0xa src/protected_io.o
                0x0000053c                protected_write_io
 .text.RTC_0_init
                0x00000546       0x28 src/rtc.o
                0x00000546                RTC_0_init
 .text.SLPCTRL_init
                0x0000056e        0x4 src/slpctrl.o
                0x0000056e                SLPCTRL_init
 .text.TIMER_0_init
                0x00000572       0x14 src/tcb.o
                0x00000572                TIMER_0_init
 .text.USART_0_default_rx_isr_cb
                0x00000586       0x2c src/usart_basic.o
                0x00000586                USART_0_default_rx_isr_cb
 .text.USART_0_default_udre_isr_cb
                0x000005b2       0x3e src/usart_basic.o
                0x000005b2                USART_0_default_udre_isr_cb
 .text.__vector_31
                0x000005f0       0x5a src/usart_basic.o
                0x000005f0                __vector_31
 .text.__vector_32
                0x0000064a       0x5a src/usart_basic.o
                0x0000064a                __vector_32
 .text.USART_0_write
                0x000006a4       0x3e src/usart_basic.o
                0x000006a4                USART_0_write
 .text.USART_0_printCHAR
                0x000006e2        0xa src/usart_basic.o
                0x000006e2                USART_0_printCHAR
 .text.USART_0_init
                0x000006ec       0x3c src/usart_basic.o
                0x000006ec                USART_0_init
 .text.libgcc.div
                0x00000728       0x44 c:/program files (x86)/atmel/studio/7.0/toolchain/avr8/avr8-gnu-toolchain/bin/../lib/gcc/avr/5.4.0/avrxmega4\libgcc.a(_udivmodsi4.o)
                0x00000728                __udivmodsi4
 .text.libgcc.mul
                0x0000076c       0x16 c:/program files (x86)/atmel/studio/7.0/toolchain/avr8/avr8-gnu-toolchain/bin/../lib/gcc/avr/5.4.0/avrxmega4\libgcc.a(_muluhisi3.o)
                0x0000076c                __muluhisi3
 .text.libgcc.mul
                0x00000782       0x1e c:/program files (x86)/atmel/studio/7.0/toolchain/avr8/avr8-gnu-toolchain/bin/../lib/gcc/avr/5.4.0/avrxmega4\libgcc.a(_umulhisi3.o)
                0x00000782                __umulhisi3
 .text.avr-libc
                0x000007a0       0x52 c:/program files (x86)/atmel/studio/7.0/toolchain/avr8/avr8-gnu-toolchain/bin/../lib/gcc/avr/5.4.0/../../../../avr/lib/avrxmega4\libc.a(sprintf.o)
                0x000007a0                sprintf
 .text.avr-libc
                0x000007f2      0x408 c:/program files (x86)/atmel/studio/7.0/toolchain/avr8/avr8-gnu-toolchain/bin/../lib/gcc/avr/5.4.0/../../../../avr/lib/avrxmega4\libc.a(vfprintf_std.o)
                0x000007f2                vfprintf
 .text.avr-libc
                0x00000bfa       0x16 c:/program files (x86)/atmel/studio/7.0/toolchain/avr8/avr8-gnu-toolchain/bin/../lib/gcc/avr/5.4.0/../../../../avr/lib/avrxmega4\libc.a(strnlen_P.o)
                0x00000bfa                strnlen_P
 .text.avr-libc
                0x00000c10       0x16 c:/program files (x86)/atmel/studio/7.0/toolchain/avr8/avr8-gnu-toolchain/bin/../lib/gcc/avr/5.4.0/../../../../avr/lib/avrxmega4\libc.a(strnlen.o)
                0x00000c10                strnlen
 .text.avr-libc
                0x00000c26       0x78 c:/program files (x86)/atmel/studio/7.0/toolchain/avr8/avr8-gnu-toolchain/bin/../lib/gcc/avr/5.4.0/../../../../avr/lib/avrxmega4\libc.a(fputc.o)
                0x00000c26                fputc
 .text.avr-libc
                0x00000c9e       0xbc c:/program files (x86)/atmel/studio/7.0/toolchain/avr8/avr8-gnu-toolchain/bin/../lib/gcc/avr/5.4.0/../../../../avr/lib/avrxmega4\libc.a(ultoa_invert.o)
                0x00000c9e                __ultoa_invert
                0x00000d5a                . = ALIGN (0x2)
 *(.fini9)
 .fini9         0x00000d5a        0x0 c:/program files (x86)/atmel/studio/7.0/toolchain/avr8/avr8-gnu-toolchain/bin/../lib/gcc/avr/5.4.0/avrxmega4\libgcc.a(_exit.o)
                0x00000d5a                _exit
                0x00000d5a                exit
 *(.fini9)
 *(.fini8)
 *(.fini8)
 *(.fini7)
 *(.fini7)
 *(.fini6)
 *(.fini6)
 *(.fini5)
 *(.fini5)
 *(.fini4)
 *(.fini4)
 *(.fini3)
 *(.fini3)
 *(.fini2)
 *(.fini2)
 *(.fini1)
 *(.fini1)
 *(.fini0)
 .fini0         0x00000d5a        0x4 c:/program files (x86)/atmel/studio/7.0/toolchain/avr8/avr8-gnu-toolchain/bin/../lib/gcc/avr/5.4.0/avrxmega4\libgcc.a(_exit.o)
 *(.fini0)
                0x00000d5e                _etext = .

.data           0x00804000       0x3c load address 0x00000d5e
                0x00804000                PROVIDE (__data_start, .)
 *(.data)
 *(.data*)
 .data.USART_0_udre_isr_cb
                0x00804000        0x2 src/usart_basic.o
                0x00804000                USART_0_udre_isr_cb
 .data.USART_0_rx_isr_cb
                0x00804002        0x2 src/usart_basic.o
                0x00804002                USART_0_rx_isr_cb
 .data.USART_0_stream
                0x00804004        0xe src/usart_basic.o
                0x00804004                USART_0_stream
 *(.gnu.linkonce.d*)
 *(.rodata)
 *(.rodata*)
 .rodata.str1.1
                0x00804012       0x29 application.o
 *(.gnu.linkonce.r*)
                0x0080403c                . = ALIGN (0x2)
 *fill*         0x0080403b        0x1 
                0x0080403c                _edata = .
                0x0080403c                PROVIDE (__data_end, .)

.bss            0x0080403c       0x7a
                0x0080403c                PROVIDE (__bss_start, .)
 *(.bss)
 *(.bss*)
 .bss.captureFrequency
                0x0080403c        0x4 application.o
                0x0080403c                captureFrequency
 .bss.captureDuty
                0x00804040        0x4 application.o
                0x00804040                captureDuty
 .bss.pulseWidthSum
                0x00804044        0x4 application.o
                0x00804044                pulseWidthSum
 .bss.periodSum
                0x00804048        0x4 application.o
                0x00804048                periodSum
 .bss.pulseWidthAfterCaptureAvg
                0x0080404c        0x4 application.o
                0x0080404c                pulseWidthAfterCaptureAvg
 .bss.periodAfterCaptureAvg
                0x00804050        0x4 application.o
                0x00804050                periodAfterCaptureAvg
 .bss.pulseWidthAfterCapture
                0x00804054        0x4 application.o
                0x00804054                pulseWidthAfterCapture
 .bss.periodAfterCapture
                0x00804058        0x4 application.o
                0x00804058                periodAfterCapture
 .bss.samplescount
                0x0080405c        0x1 application.o
                0x0080405c                samplescount
 .bss.USART_0_tx_elements
                0x0080405d        0x1 src/usart_basic.o
 .bss.USART_0_tx_tail
                0x0080405e        0x1 src/usart_basic.o
 .bss.USART_0_tx_head
                0x0080405f        0x1 src/usart_basic.o
 .bss.USART_0_txbuf
                0x00804060        0x8 src/usart_basic.o
 .bss.USART_0_rx_elements
                0x00804068        0x1 src/usart_basic.o
 .bss.USART_0_rx_tail
                0x00804069        0x1 src/usart_basic.o
 .bss.USART_0_rx_head
                0x0080406a        0x1 src/usart_basic.o
 .bss.USART_0_rxbuf
                0x0080406b        0x8 src/usart_basic.o
 *(COMMON)
 COMMON         0x00804073       0x3d application.o
                0x00804073                buffer
                0x008040af                rtcFlag
 COMMON         0x008040b0        0x6 c:/program files (x86)/atmel/studio/7.0/toolchain/avr8/avr8-gnu-toolchain/bin/../lib/gcc/avr/5.4.0/../../../../avr/lib/avrxmega4\libc.a(iob.o)
                0x008040b0                __iob
                0x008040b6                PROVIDE (__bss_end, .)
                0x00000d5e                __data_load_start = LOADADDR (.data)
                0x00000d9a                __data_load_end = (__data_load_start + SIZEOF (.data))

.noinit         0x008040b6        0x0
                [!provide]                PROVIDE (__noinit_start, .)
 *(.noinit*)
                [!provide]                PROVIDE (__noinit_end, .)
                0x008040b6                _end = .
                [!provide]                PROVIDE (__heap_start, .)

.eeprom         0x00810000        0x0
 *(.eeprom*)
                0x00810000                __eeprom_end = .

.fuse
 *(.fuse)
 *(.lfuse)
 *(.hfuse)
 *(.efuse)

.lock
 *(.lock*)

.signature
 *(.signature*)

.user_signatures
 *(.user_signatures*)

.stab
 *(.stab)

.stabstr
 *(.stabstr)

.stab.excl
 *(.stab.excl)

.stab.exclstr
 *(.stab.exclstr)

.stab.index
 *(.stab.index)

.stab.indexstr
 *(.stab.indexstr)

.comment        0x00000000       0x5c
 *(.comment)
 .comment       0x00000000       0x30 application.o
                                 0x31 (size before relaxing)
 .comment       0x00000030       0x31 application_isr.o
 .comment       0x00000030       0x31 atmel_start.o
 .comment       0x00000030       0x31 main.o
 .comment       0x00000030       0x31 src/bod.o
 .comment       0x00000030       0x31 src/clkctrl.o
 .comment       0x00000030       0x31 src/cpuint.o
 .comment       0x00000030       0x31 src/driver_init.o
 .comment       0x00000030       0x31 src/evsys.o
 .comment       0x00000030       0x31 src/rtc.o
 .comment       0x00000030       0x31 src/slpctrl.o
 .comment       0x00000030       0x31 src/tcb.o
 .comment       0x00000030       0x31 src/usart_basic.o
 .comment       0x00000030       0x31 c:/program files (x86)/atmel/studio/7.0/toolchain/avr8/avr8-gnu-toolchain/bin/../lib/gcc/avr/5.4.0/../../../../avr/lib/avrxmega4\libc.a(iob.o)
 .comment       0x00000030       0x31 c:/program files (x86)/atmel/studio/7.0/toolchain/avr8/avr8-gnu-toolchain/bin/../lib/gcc/avr/5.4.0/../../../../avr/lib/avrxmega4\libc.a(sprintf.o)
 .comment       0x00000030       0x2c c:/program files (x86)/atmel/studio/7.0/toolchain/avr8/avr8-gnu-toolchain/bin/../lib/gcc/avr/5.4.0/../../../../avr/lib/avrxmega4\libc.a(vfprintf_std.o)
                                 0x2d (size before relaxing)
 .comment       0x0000005c       0x31 c:/program files (x86)/atmel/studio/7.0/toolchain/avr8/avr8-gnu-toolchain/bin/../lib/gcc/avr/5.4.0/../../../../avr/lib/avrxmega4\libc.a(fputc.o)

.note.gnu.avr.deviceinfo
                0x00000000       0x40
 .note.gnu.avr.deviceinfo
                0x00000000       0x40 C:/Program Files (x86)/Atmel/Studio/7.0/Packs/Atmel/AVR-Dx_DFP/1.0.21/gcc/dev/avr128da48/avrxmega4/crtavr128da48.o

.note.gnu.build-id
 *(.note.gnu.build-id)

.debug
 *(.debug)

.line
 *(.line)

.debug_srcinfo
 *(.debug_srcinfo)

.debug_sfnames
 *(.debug_sfnames)

.debug_aranges  0x00000000      0x278
 *(.debug_aranges)
 .debug_aranges
                0x00000000       0x28 application.o
 .debug_aranges
                0x00000028       0x28 application_isr.o
 .debug_aranges
                0x00000050       0x20 atmel_start.o
 .debug_aranges
                0x00000070       0x20 main.o
 .debug_aranges
                0x00000090       0x20 src/bod.o
 .debug_aranges
                0x000000b0       0x20 src/clkctrl.o
 .debug_aranges
                0x000000d0       0x20 src/cpuint.o
 .debug_aranges
                0x000000f0       0x40 src/driver_init.o
 .debug_aranges
                0x00000130       0x20 src/evsys.o
 .debug_aranges
                0x00000150       0x20 src/protected_io.o
 .debug_aranges
                0x00000170       0x20 src/rtc.o
 .debug_aranges
                0x00000190       0x28 src/slpctrl.o
 .debug_aranges
                0x000001b8       0x20 src/tcb.o
 .debug_aranges
                0x000001d8       0xa0 src/usart_basic.o

.debug_pubnames
 *(.debug_pubnames)

.debug_info     0x00000000     0x5a3b
 *(.debug_info .gnu.linkonce.wi.*)
 .debug_info    0x00000000     0x2e84 C:/Program Files (x86)/Atmel/Studio/7.0/Packs/Atmel/AVR-Dx_DFP/1.0.21/gcc/dev/avr128da48/avrxmega4/crtavr128da48.o
 .debug_info    0x00002e84      0x1e4 application.o
 .debug_info    0x00003068      0x484 application_isr.o
 .debug_info    0x000034ec       0x9a atmel_start.o
 .debug_info    0x00003586       0xbc main.o
 .debug_info    0x00003642      0x188 src/bod.o
 .debug_info    0x000037ca      0x2ce src/clkctrl.o
 .debug_info    0x00003a98       0x8d src/cpuint.o
 .debug_info    0x00003b25      0xa16 src/driver_init.o
 .debug_info    0x0000453b      0x65c src/evsys.o
 .debug_info    0x00004b97       0xaf src/protected_io.o
 .debug_info    0x00004c46      0x383 src/rtc.o
 .debug_info    0x00004fc9      0x136 src/slpctrl.o
 .debug_info    0x000050ff      0x295 src/tcb.o
 .debug_info    0x00005394      0x6a7 src/usart_basic.o

.debug_abbrev   0x00000000     0x38ab
 *(.debug_abbrev)
 .debug_abbrev  0x00000000     0x2c0e C:/Program Files (x86)/Atmel/Studio/7.0/Packs/Atmel/AVR-Dx_DFP/1.0.21/gcc/dev/avr128da48/avrxmega4/crtavr128da48.o
 .debug_abbrev  0x00002c0e       0xef application.o
 .debug_abbrev  0x00002cfd       0xea application_isr.o
 .debug_abbrev  0x00002de7       0x63 atmel_start.o
 .debug_abbrev  0x00002e4a       0x68 main.o
 .debug_abbrev  0x00002eb2       0xaf src/bod.o
 .debug_abbrev  0x00002f61      0x117 src/clkctrl.o
 .debug_abbrev  0x00003078       0x51 src/cpuint.o
 .debug_abbrev  0x000030c9      0x1f3 src/driver_init.o
 .debug_abbrev  0x000032bc       0xaf src/evsys.o
 .debug_abbrev  0x0000336b       0x14 src/protected_io.o
 .debug_abbrev  0x0000337f       0xe6 src/rtc.o
 .debug_abbrev  0x00003465       0xc4 src/slpctrl.o
 .debug_abbrev  0x00003529       0xf3 src/tcb.o
 .debug_abbrev  0x0000361c      0x28f src/usart_basic.o

.debug_line     0x00000000     0x1422
 *(.debug_line .debug_line.* .debug_line_end)
 .debug_line    0x00000000      0x1f9 C:/Program Files (x86)/Atmel/Studio/7.0/Packs/Atmel/AVR-Dx_DFP/1.0.21/gcc/dev/avr128da48/avrxmega4/crtavr128da48.o
 .debug_line    0x000001f9      0x15a application.o
 .debug_line    0x00000353      0x150 application_isr.o
 .debug_line    0x000004a3       0x60 atmel_start.o
 .debug_line    0x00000503       0x6c main.o
 .debug_line    0x0000056f      0x10c src/bod.o
 .debug_line    0x0000067b      0x13a src/clkctrl.o
 .debug_line    0x000007b5       0xab src/cpuint.o
 .debug_line    0x00000860      0x311 src/driver_init.o
 .debug_line    0x00000b71      0x115 src/evsys.o
 .debug_line    0x00000c86       0x5b src/protected_io.o
 .debug_line    0x00000ce1      0x13c src/rtc.o
 .debug_line    0x00000e1d      0x120 src/slpctrl.o
 .debug_line    0x00000f3d      0x11e src/tcb.o
 .debug_line    0x0000105b      0x3c7 src/usart_basic.o

.debug_frame    0x00000000      0x478
 *(.debug_frame)
 .debug_frame   0x00000000       0x90 application.o
 .debug_frame   0x00000090       0x7c application_isr.o
 .debug_frame   0x0000010c       0x24 atmel_start.o
 .debug_frame   0x00000130       0x24 main.o
 .debug_frame   0x00000154       0x24 src/bod.o
 .debug_frame   0x00000178       0x24 src/clkctrl.o
 .debug_frame   0x0000019c       0x24 src/cpuint.o
 .debug_frame   0x000001c0       0x64 src/driver_init.o
 .debug_frame   0x00000224       0x24 src/evsys.o
 .debug_frame   0x00000248       0x24 src/rtc.o
 .debug_frame   0x0000026c       0x34 src/slpctrl.o
 .debug_frame   0x000002a0       0x24 src/tcb.o
 .debug_frame   0x000002c4      0x1b4 src/usart_basic.o

.debug_str      0x00000000     0x30b3
 *(.debug_str)
 .debug_str     0x00000000     0x1434 C:/Program Files (x86)/Atmel/Studio/7.0/Packs/Atmel/AVR-Dx_DFP/1.0.21/gcc/dev/avr128da48/avrxmega4/crtavr128da48.o
 .debug_str     0x00001434      0x271 application.o
                                0x2af (size before relaxing)
 .debug_str     0x000016a5      0x106 application_isr.o
                                0x30d (size before relaxing)
 .debug_str     0x000017ab       0x30 atmel_start.o
                                0x1c3 (size before relaxing)
 .debug_str     0x000017db       0x11 main.o
                                0x1db (size before relaxing)
 .debug_str     0x000017ec       0x7e src/bod.o
                                0x266 (size before relaxing)
 .debug_str     0x0000186a      0x1cb src/clkctrl.o
                                0x3a6 (size before relaxing)
 .debug_str     0x00001a35       0x1c src/cpuint.o
                                0x1b6 (size before relaxing)
 .debug_str     0x00001a51      0x362 src/driver_init.o
                                0x579 (size before relaxing)
 .debug_str     0x00001db3      0xbf7 src/evsys.o
                                0xdcf (size before relaxing)
 .debug_str     0x000029aa      0x1ba src/rtc.o
                                0x446 (size before relaxing)
 .debug_str     0x00002b64       0xb9 src/slpctrl.o
                                0x27a (size before relaxing)
 .debug_str     0x00002c1d      0x130 src/tcb.o
                                0x37b (size before relaxing)
 .debug_str     0x00002d4d      0x366 src/usart_basic.o
                                0x58e (size before relaxing)

.debug_loc      0x00000000      0x739
 *(.debug_loc)
 .debug_loc     0x00000000      0x1c7 application.o
 .debug_loc     0x000001c7       0xe0 application_isr.o
 .debug_loc     0x000002a7       0x2a src/clkctrl.o
 .debug_loc     0x000002d1      0x1e6 src/driver_init.o
 .debug_loc     0x000004b7       0x21 src/slpctrl.o
 .debug_loc     0x000004d8      0x261 src/usart_basic.o

.debug_macinfo
 *(.debug_macinfo)

.debug_weaknames
 *(.debug_weaknames)

.debug_funcnames
 *(.debug_funcnames)

.debug_typenames
 *(.debug_typenames)

.debug_varnames
 *(.debug_varnames)

.debug_pubtypes
 *(.debug_pubtypes)

.debug_ranges   0x00000000      0x188
 *(.debug_ranges)
 .debug_ranges  0x00000000       0x18 application.o
 .debug_ranges  0x00000018       0x18 application_isr.o
 .debug_ranges  0x00000030       0x10 atmel_start.o
 .debug_ranges  0x00000040       0x10 main.o
 .debug_ranges  0x00000050       0x10 src/bod.o
 .debug_ranges  0x00000060       0x10 src/clkctrl.o
 .debug_ranges  0x00000070       0x10 src/cpuint.o
 .debug_ranges  0x00000080       0x30 src/driver_init.o
 .debug_ranges  0x000000b0       0x10 src/evsys.o
 .debug_ranges  0x000000c0       0x10 src/rtc.o
 .debug_ranges  0x000000d0       0x18 src/slpctrl.o
 .debug_ranges  0x000000e8       0x10 src/tcb.o
 .debug_ranges  0x000000f8       0x90 src/usart_basic.o

.debug_macro
 *(.debug_macro)
OUTPUT(FrequencyandDutycyclemeasurementofPulsesignal.elf elf32-avr)
LOAD linker stubs
